<html>
<body>
<pre>
<h1>µVision Build Log</h1>
<h2>Tool Versions:</h2>
IDE-Version: ¦ÌVision V5.34.0.0
Copyright (C) 2021 ARM Ltd and ARM Germany GmbH. All rights reserved.
License Information: Peter Administrator, NNT, LIC=03C6R-K70B8-GKTBG-VTW5Z-HLE2Z-NXCWT
 
Tool Versions:
Toolchain:       MDK-ARM Plus  Version: 5.34.0.0
Toolchain Path:  C:\Keil_v5\ARM\ARMCC\Bin
C Compiler:      Armcc.exe V5.06 update 7 (build 960)
Assembler:       Armasm.exe V5.06 update 7 (build 960)
Linker/Locator:  ArmLink.exe V5.06 update 7 (build 960)
Library Manager: ArmAr.exe V5.06 update 7 (build 960)
Hex Converter:   FromElf.exe V5.06 update 7 (build 960)
CPU DLL:         SARMCM3.DLL V5.34.0.0
Dialog DLL:      DARMCM1.DLL V1.19.4.0
Target DLL:      NULink\Nu_Link.dll V3.05
Dialog DLL:      TARMCM1.DLL V1.14.3.0
 
<h2>Project:</h2>
G:\NUC029TAN_Demo\my_Demo\nuc029tan_demo.uvprojx
Project File Date:  09/17/2021

<h2>Output:</h2>
*** Using Compiler 'V5.06 update 7 (build 960)', folder: 'C:\Keil_v5\ARM\ARMCC\Bin'
Build target 'Target 1'
compiling main.c...
User\main.c(105): warning:  #177-D: variable "Data"  was declared but never referenced
  		uint8_t Data,a[]={"ÐÂÌÁµ¥Æ¬»ú \r\n"};
User\main.c(106): warning:  #177-D: variable "i"  was declared but never referenced
  		uint8_t i=0;
User\main.c(107): warning:  #177-D: variable "j"  was declared but never referenced
  		uint8_t *j=&a[0];
User\main.c: 3 warnings, 0 errors
linking...
.\Objects\nuc029tan_demo.axf: Warning: L6305W: Image does not have an entry point. (Not specified or not set due to multiple choices.)
Program Size: Code=5336 RO-data=344 RW-data=40 ZI-data=808  
Finished: 0 information, 1 warning and 0 error messages.
".\Objects\nuc029tan_demo.axf" - 0 Error(s), 4 Warning(s).

<h2>Software Packages used:</h2>

Package Vendor: Nuvoton
                https://www.nuvoton.com/enu/Documents/KEILSoftwarePack/Nuvoton.NuMicro_DFP.1.3.11.pack
                Nuvoton.NuMicro_DFP.1.3.11
                Nuvoton ARM Cortex-M NuMicro Family Device Support

<h2>Collection of Component include folders:</h2>
  C:\Users\Administrator\AppData\Local\Arm\Packs\Nuvoton\NuMicro_DFP\1.3.11\Device\NUC029AN\Include

<h2>Collection of Component Files used:</h2>
Build Time Elapsed:  00:00:01
</pre>
</body>
</html>
